[2026-09-28 14:37:07,835] [INFO] [main.py:9] - ==================================================================
[2026-09-28 14:37:07,835] [INFO] [main.py:10] - BẮT ĐẦU PIPELINE STAGE 1: LOAD STAGING RAW - BATCH: BATCH_20260928_143702
[2026-09-28 14:37:07,836] [INFO] [main.py:11] - ==================================================================
[2026-09-28 14:37:08,027] [INFO] [connection.py:9] - Kết nối Database thành công
[2026-09-28 14:37:08,164] [INFO] [csv_extractor.py:24] - File [games.csv] - Số dòng: 88,958 | MD5: b81bb38d67495dac84a896893bbbe108
[2026-09-28 14:37:08,164] [INFO] [raw_loader.py:13] - ---> Bắt đầu nạp file [games.csv] vào bảng [stg_raw_games]...
[2026-09-28 14:37:19,053] [INFO] [raw_loader.py:51] - ---> [Thành công] Đã nạp tổng cộng 88,958 dòng vào [stg_raw_games].
[2026-09-28 14:37:19,151] [INFO] [csv_extractor.py:24] - File [club_games.csv] - Số dòng: 177,916 | MD5: a6f76a58af15ea183cbf692f3325a066
[2026-09-28 14:37:19,151] [INFO] [raw_loader.py:13] - ---> Bắt đầu nạp file [club_games.csv] vào bảng [stg_raw_club_games]...
[2026-09-28 14:37:27,621] [INFO] [raw_loader.py:51] - ---> [Thành công] Đã nạp tổng cộng 177,916 dòng vào [stg_raw_club_games].
[2026-09-28 14:37:28,525] [INFO] [csv_extractor.py:24] - File [appearances.csv] - Số dòng: 1,894,350 | MD5: 2dc44c48ec4044e4ae48d2dc0a55ef8c
[2026-09-28 14:37:28,526] [INFO] [raw_loader.py:13] - ---> Bắt đầu nạp file [appearances.csv] vào bảng [stg_raw_appearances]...
[2026-09-28 14:39:01,258] [INFO] [raw_loader.py:51] - ---> [Thành công] Đã nạp tổng cộng 1,894,350 dòng vào [stg_raw_appearances].
[2026-09-28 14:39:01,504] [INFO] [csv_extractor.py:24] - File [player_valuations.csv] - Số dòng: 656,301 | MD5: d5760907843a03d31f08e91375744db7
[2026-09-28 14:39:01,504] [INFO] [raw_loader.py:13] - ---> Bắt đầu nạp file [player_valuations.csv] vào bảng [stg_raw_player_valuations]...
[2026-09-28 14:39:21,929] [INFO] [raw_loader.py:51] - ---> [Thành công] Đã nạp tổng cộng 656,301 dòng vào [stg_raw_player_valuations].
[2026-09-28 14:39:22,044] [INFO] [csv_extractor.py:24] - File [transfers.csv] - Số dòng: 175,165 | MD5: 18f699b7ea4e1666b5b4532a914bd615
[2026-09-28 14:39:22,044] [INFO] [raw_loader.py:13] - ---> Bắt đầu nạp file [transfers.csv] vào bảng [stg_raw_transfers]...
[2026-09-28 14:39:29,527] [INFO] [raw_loader.py:51] - ---> [Thành công] Đã nạp tổng cộng 175,165 dòng vào [stg_raw_transfers].
[2026-09-28 14:39:29,650] [INFO] [csv_extractor.py:24] - File [players.csv] - Số dòng: 50,149 | MD5: e4591226b71eb4e2dde510c9d359eb60
[2026-09-28 14:39:29,650] [INFO] [raw_loader.py:13] - ---> Bắt đầu nạp file [players.csv] vào bảng [stg_raw_players]...
[2026-09-28 14:39:34,852] [INFO] [raw_loader.py:51] - ---> [Thành công] Đã nạp tổng cộng 50,149 dòng vào [stg_raw_players].
[2026-09-28 14:39:35,019] [INFO] [csv_extractor.py:24] - File [clubs.csv] - Số dòng: 796 | MD5: 7782360a6f3db4b2a191991b34cbc4b5
[2026-09-28 14:39:35,020] [INFO] [raw_loader.py:13] - ---> Bắt đầu nạp file [clubs.csv] vào bảng [stg_raw_clubs]...
[2026-09-28 14:39:35,193] [INFO] [raw_loader.py:51] - ---> [Thành công] Đã nạp tổng cộng 796 dòng vào [stg_raw_clubs].
[2026-09-28 14:39:35,315] [INFO] [csv_extractor.py:24] - File [competitions.csv] - Số dòng: 65 | MD5: 581e1fa0a99b5a37a71d27dc380a7cd1
[2026-09-28 14:39:35,315] [INFO] [raw_loader.py:13] - ---> Bắt đầu nạp file [competitions.csv] vào bảng [stg_raw_competitions]...
[2026-09-28 14:39:35,369] [INFO] [raw_loader.py:51] - ---> [Thành công] Đã nạp tổng cộng 65 dòng vào [stg_raw_competitions].
[2026-09-28 14:39:35,432] [INFO] [csv_extractor.py:24] - File [countries.csv] - Số dòng: 124 | MD5: 7ecd87cd1e7d6cf8ff8e88439849a6a7
[2026-09-28 14:39:35,432] [INFO] [raw_loader.py:13] - ---> Bắt đầu nạp file [countries.csv] vào bảng [stg_raw_countries]...
[2026-09-28 14:39:35,474] [INFO] [raw_loader.py:51] - ---> [Thành công] Đã nạp tổng cộng 124 dòng vào [stg_raw_countries].
[2026-09-28 14:39:35,474] [INFO] [main.py:51] - 
================ TỔNG KẾT BÁO CÁO TẦNG STG_RAW ================
[2026-09-28 14:39:35,475] [INFO] [main.py:53] - File: games.csv              | Bảng: stg_raw_games             | Nguồn:     88,958 | Nạp:     88,958 | Trạng thái: PASS
[2026-09-28 14:39:35,475] [INFO] [main.py:53] - File: club_games.csv         | Bảng: stg_raw_club_games        | Nguồn:    177,916 | Nạp:    177,916 | Trạng thái: PASS
[2026-09-28 14:39:35,475] [INFO] [main.py:53] - File: appearances.csv        | Bảng: stg_raw_appearances       | Nguồn:  1,894,350 | Nạp:  1,894,350 | Trạng thái: PASS
[2026-09-28 14:39:35,476] [INFO] [main.py:53] - File: player_valuations.csv  | Bảng: stg_raw_player_valuations | Nguồn:    656,301 | Nạp:    656,301 | Trạng thái: PASS
[2026-09-28 14:39:35,476] [INFO] [main.py:53] - File: transfers.csv          | Bảng: stg_raw_transfers         | Nguồn:    175,165 | Nạp:    175,165 | Trạng thái: PASS
[2026-09-28 14:39:35,476] [INFO] [main.py:53] - File: players.csv            | Bảng: stg_raw_players           | Nguồn:     50,149 | Nạp:     50,149 | Trạng thái: PASS
[2026-09-28 14:39:35,476] [INFO] [main.py:53] - File: clubs.csv              | Bảng: stg_raw_clubs             | Nguồn:        796 | Nạp:        796 | Trạng thái: PASS
[2026-09-28 14:39:35,476] [INFO] [main.py:53] - File: competitions.csv       | Bảng: stg_raw_competitions      | Nguồn:         65 | Nạp:         65 | Trạng thái: PASS
[2026-09-28 14:39:35,476] [INFO] [main.py:53] - File: countries.csv          | Bảng: stg_raw_countries         | Nguồn:        124 | Nạp:        124 | Trạng thái: PASS
[2026-09-28 14:39:35,477] [INFO] [main.py:58] - ==================================================================
